
> 13-ryurex-edu@0.1.0 build
> next build --turbopack

   Γû▓ Next.js 15.5.6 (Turbopack)
   - Environments: .env.local

   Creating an optimized production build ...
