
> 13-ryurex-edu@0.1.0 build
> next build --turbopack

   Γû▓ Next.js 15.5.6 (Turbopack)
   - Environments: .env.local

   Creating an optimized production build ...
 Γ£ô Finished writing to disk in 499ms
 Γ£ô Compiled successfully in 6.3s
   Linting and checking validity of types ...
node.exe : 
At line:1 char:1
+ & "D:\APPs\Node JS/node.exe" "D:\APPs\Node JS/node_modules/npm/bin/np ...
+ ~~~~~~~~~~~~~~~~~~~~~~~~~~~~~~~~~~~~~~~~~~~~~~~~~~~~~~~~~~~~~~~~~~~~~
    + CategoryInfo          : NotSpecified: (:String) [], RemoteException
    + FullyQualifiedErrorId : NativeCommandError
 
Failed to compile.

./app/api/pvp/submit-score/route.ts
17:46  Warning: 'userAnswers' is assigned a value but never used.  
@typescript-eslint/no-unused-vars

./app/pvp/game/[lobbyId]/page.tsx
7:17  Warning: 'Hourglass' is defined but never used.  
@typescript-eslint/no-unused-vars
51:10  Warning: 'user' is assigned a value but never used.  
@typescript-eslint/no-unused-vars
51:36  Error: Unexpected any. Specify a different type.  
@typescript-eslint/no-explicit-any
52:45  Error: Unexpected any. Specify a different type.  
@typescript-eslint/no-explicit-any
81:6  Warning: React Hook useEffect has a missing dependency: 
'handleAutoSubmit'. Either include it or remove the dependency array.  
react-hooks/exhaustive-deps
149:40  Error: Unexpected any. Specify a different type.  
@typescript-eslint/no-explicit-any

./app/pvp/result/[lobbyId]/page.tsx
7:18  Warning: 'Award' is defined but never used.  
@typescript-eslint/no-unused-vars
24:10  Warning: 'user' is assigned a value but never used.  
@typescript-eslint/no-unused-vars
24:36  Error: Unexpected any. Specify a different type.  
@typescript-eslint/no-explicit-any
177:57  Error: `'` can be escaped with `&apos;`, `&lsquo;`, `&#39;`, 
`&rsquo;`.  react/no-unescaped-entities

info  - Need to disable some ESLint rules? Learn more here: 
https://nextjs.org/docs/app/api-reference/config/eslint#disabling-rules
